

Warning: no stack segment

 Start  Stop   Length Name                   Class
 00000H 005EFH 005F0H CODERES                
 005F0H 00ACFH 004E0H DATARES                
 00AD0H 00B7FH 000B0H ENVIRONMENT            
 00B80H 00F7FH 00400H INIT                   
 00F80H 00F80H 00000H TAIL                   
 00F80H 034FFH 02580H TRANCODE               
 03500H 03A9FH 005A0H TRANDATA               
 03AA0H 03F54H 004B5H TRANSPACE              
 03F60H 03F60H 00000H TRANTAIL               
 03F60H 03F60H 00000H ZEXEC_CODE             
 03F60H 03F60H 00000H ZEXEC_DATA             

 Origin   Group
 03F6:0   EGROUP
 0000:0   RESGROUP
 00F8:0   TRANGROUP

  Address         Publics by Name

 00F8:1288       $CHDIR
 00F8:0A42       $EXIT
 00F8:0BA6       $FOR
 00F8:0C8F       $IF
 00F8:12BB       $MKDIR
 00F8:12F0       $RMDIR
 00F8:29D2       ACRLF
 00F8:0884       ADD_NAME_TO_ENVIRONMENT
 00F8:086E       ADD_PROMPT
 00F8:15A5       ALLOC_TPA
 00F8:2CD3       ALLSWITCH
 00F8:2F18       APPEND
 00F8:2CCF       ARG1S
 00F8:2CD1       ARG2S
 00F8:2CCC       ARGC
 00F8:2CD3       ARGTS
 00F8:2F1D       ASCII
 0000:0477       ASKEND
 00F8:299C       BADARGS
 00F8:2580       BADBAT
 00F8:27FB       BADCD
 00F8:111C       BADCDERR
 0000:0F4C       BADCOMLKMES
 00F8:2980       BADCPMES
 00F8:2741       BADDAT
 00F8:28C0       BADDEV
 00F8:26DB       BADDRV
 0000:0719       BADFAT
 00F8:28D1       BADLAB
 00F8:280F       BADMKD
 00F8:25D5       BADNAM
 00F8:28A1       BADPMES
 00F8:282C       BADRMD
 00F8:2718       BADSWT
 00F8:2774       BADTIM
 00F8:2863       BAD_ON_OFF
 0000:086F       BATBYT
 0000:083C       BATCH
 00F8:0E63       BATCLOSE
 00F8:2F23       BATHAND
 0000:083E       BATLOC
 00F8:0E6D       BATOPEN
 00F8:2F1A       BINARY
 00F8:2DFB       BITS
 0000:07F8       BMEMMES
 00F8:23F0       BUILDNAME
 00F8:1F0A       BUILDPATH
 00F8:2CD7       BYTCNT
 00F8:26CD       BYTMES_POST
 00F8:26DA       BYTMES_PRE
 00F8:0F2B       CATALOG
 0000:0718       CDEVAT
 00F8:06E8       CERROR
 00F8:2CD5       CFLAG
 00F8:2CE0       CHARBUF
 00F8:0708       CHKCNT
 00F8:2CC8       CHKDRV
 0000:0447       CHKSUM
 00F8:2124       CLOSEDEST
 00F8:1276       CLS
 00F8:29D9       CLSSTRING
 00F8:1AE2       CNTRLC
 00F8:2D39       COM
 0000:0729       COMBAD
 00F8:2BA3       COMBUF
 0000:086E       COMDRV
 0000:074C       COMLET
 00F8:012C       COMMAND
 00F8:1FF4       COMPNAME
 0000:0842       COMSPEC
 00F8:2CCD       COMSW
 00F8:2A22       COMTAB
 0000:0A2B       COM_FCB1
 0000:0A2F       COM_FCB2
 0000:0A27       COM_PTR
 00F8:2CCB       CONCAT
 0000:0B80       CONPROC
 0000:01BD       CONTC
 0000:01D1       CONTCTERM
 00F8:22E9       COPERR
 00F8:26B1       COPIED_POST
 00F8:26C2       COPIED_PRE
 00F8:1C47       COPY
 00F8:241F       CPARSE
 00F8:2F1F       CPDATE
 00F8:2F21       CPTIME
 00F8:1125       CRENAME
 00F8:10E3       CRLF2
 00F8:19F9       CRPRINT
 00F8:1491       CTIME
 00F8:2962       CTRLCMES
 00F8:0A5D       CTTY
 00F8:2760       CURDAT_MID
 00F8:2760       CURDAT_POST
 00F8:2750       CURDAT_PRE
 00F8:2CCA       CURDRV
 00F8:2793       CURTIM_POST
 00F8:2783       CURTIM_PRE
 0000:0AC4       DATARESEND
 00F8:13B7       DATE
 00F8:1327       DATINIT
 00F8:29D5       DBACK
 0000:074E       DEFMSG
 00F8:08E2       DELETE_PATH
 00F8:180C       DELIM
 00F8:2D3C       DEST
 00F8:2E0A       DESTBUF
 00F8:2CD6       DESTCLOSED
 00F8:2D6C       DESTDIR
 00F8:2D6C       DESTFCB
 00F8:2D30       DESTFCB2
 00F8:2E5E       DESTHAND
 00F8:2E09       DESTINFO
 00F8:2E60       DESTISDEV
 00F8:2E05       DESTISDIR
 00F8:2D61       DESTNAME
 00F8:2E06       DESTSIZ
 00F8:2CD1       DESTSWITCH
 00F8:2E07       DESTTAIL
 00F8:2E05       DESTVARS
 0000:06B8       DEVEMES
 0000:06C0       DEVENAM
 00F8:29BB       DEVWMES
 00F8:2DAC       DIRBUF
 00F8:2CBF       DIRCHAR
 00F8:2879       DIRHEAD_POST
 00F8:287C       DIRHEAD_PRE
 00F8:26C3       DIRMES_POST
 00F8:26CC       DIRMES_PRE
 00F8:1749       DISP32BITS
 00F8:1741       DISPSIZE
 00F8:27BC       DMES
 00F8:035B       DOCOM
 00F8:035E       DOCOM1
 00F8:205F       DOCOPY
 00F8:0450       DRVBAD
 0000:06B5       DRVLET
 0000:0746       DRVMSG
 0000:06AE       DRVNUM
 0000:04A8       DSKERR
 00F8:1A98       ECHO
 0000:0877       ECHOFLAG
 00F8:2977       ECHOMES
 0000:0AEE       ECOMSPEC
 00F8:2F27       ELCNT
 00F8:2F28       ELPOS
 0000:077A       ENDBATMES
 00F8:1DCE       ENDCOPY
 00F8:2632       ENVERR
 0000:0B80       ENVIREND
 0000:0A25       ENVIRSEG
 00F8:10FD       ERASE
 0000:0837       ERRCD_24
 0000:06A4       ERRMES
 00F8:1A2A       ERROR_OUTPUT
 00F8:19F0       ERROR_PRINT
 0000:079E       EXEBAD
 0000:0791       EXECEMES
 00F8:2C69       EXECPATH
 00F8:2CC0       EXEC_ADDR
 0000:0A25       EXEC_BLOCK
 00F8:2DAC       EXEFCB
 0000:0874       EXTCOM
 0000:01A7       EXT_EXEC
 00F8:1974       FCB_TO_ASCZ
 00F8:2CDE       FILECNT
 00F8:2CC9       FILTYP
 00F8:090C       FIND_NAME_IN_ENVIRONMENT
 00F8:0904       FIND_PATH
 00F8:0909       FIND_PROMPT
 00F8:2E61       FIRSTDEST
 00F8:21EF       FLSHFIL
 0000:08AA       FORCOM
 0000:0908       FORFCB
 0000:0880       FORFLAG
 00F8:28F2       FORNESTMES
 00F8:0ACE       FORPROC
 0000:0905       FORPTR
 0000:0882       FORSET
 0000:0907       FORUFCB
 0000:0904       FORVAR
 00F8:159A       FREE_TPA
 0000:0814       FRETMES
 00F8:2CDB       FRSTSRCH
 00F8:264D       FULDIR
 00F8:2E03       FULLSCR
 00F8:17B4       GETBATBYT
 0000:03A6       GETCOMDSK2
 00F8:1BCA       GETDATE
 00F8:02FE       GETKEYSTROKE
 00F8:199A       GETNUM
 00F8:0DD6       GOTO
 00F8:2DAC       GOTOLEN
 00F8:27E8       GOTVOL
 0000:07FE       HALTMES
 0000:0839       HANDLE01
 00F8:2CB8       HEADCALL
 0000:0F38       HEADER
 00F8:2D31       ID
 00F8:2D30       IDLEN
 00F8:0D67       IFERLEV
 00F8:0D29       IFEXISTS
 00F8:0CD9       IFNOT
 00F8:2CC9       IFNOTFLAG
 00F8:2A06       IFTAB
 00F8:2930       INBDEV
 00F8:2F17       INEXACT
 0000:0A21       INPIPEPTR
 00F8:2F35       INTERNATVARS
 0000:025A       INT_2E
 0000:082F       INT_2E_RET
 00F8:0EA1       IOSET
 0000:06A7       IOTYP
 0000:0878       IO_SAVE
 00F8:2CDC       LINCNT
 00F8:2CDD       LINLEN
 0000:03F8       LOADCOM
 0000:083B       LOADING
 0000:028B       LODCOM
 0000:02D0       LODCOM1
 00F8:2687       LOSTERR
 0000:0AB8       LTPA
 00F8:2E62       MELCOPY
 00F8:2E63       MELSTART
 0000:0870       MEMSIZ
 0000:060A       MESADD
 0000:05F0       MESBAS
 00F8:0E99       MESTRAN
 00F8:0959       MOVE_NAME
 0000:069C       MREAD
 0000:06A0       MWRITE
 0000:0AB6       MYSEG
 0000:0ABE       MYSEG1
 0000:0AC2       MYSEG2
 00F8:2597       NEEDBAT
 0000:0736       NEEDCOM
 00F8:2761       NEWDAT
 0000:06B6       NEWLIN
 00F8:2794       NEWTIM
 0000:07C5       NOCOM
 0000:07E8       NOHANDMES
 00F8:2618       NOSPACE
 00F8:1A47       NOTEST2
 00F8:2607       NOTFND
 00F8:0710       NOTFNDERR
 00F8:27ED       NOVOL
 00F8:2F19       NOWRITE
 00F8:288C       NULPATH
 00F8:2CD9       NXTADD
 00F8:2957       OFFMES
 00F8:10DE       ONESPC
 00F8:295D       ONMES
 00F8:19CB       OUT
 00F8:19BA       OUT2
 00F8:1786       OUTBYTE
 0000:0A23       OUTPIPEPTR
 00F8:2663       OVERWR
 0000:0835       PARENT
 00F8:2CCB       PARM1
 00F8:2CCC       PARM2
 0000:0A33       PARMBUF
 00F8:191A       PATH
 00F8:16AC       PATHCHRCMP
 00F8:2DFD       PATHCNT
 00F8:16BA       PATHCRUNCH
 00F8:2DFF       PATHPOS
 0000:0AE0       PATHSTRING
 00F8:2E01       PATHSW
 00F8:2895       PATH_TEXT
 00F8:10F0       PAUSE
 00F8:26F9       PAUSEMES
 0000:087B       PERMCOM
 0000:0A05       PIPE1
 0000:0A13       PIPE2
 00F8:290A       PIPEEMES
 00F8:0775       PIPEERRSYN
 0000:0981       PIPEFILES
 0000:0980       PIPEFLAG
 0000:0982       PIPEPTR
 0000:0984       PIPESTR
 00F8:2F1E       PLUS
 00F8:15CD       PRESCAN
 00F8:19FE       PRINT
 00F8:1B60       PRINTVOL
 00F8:1889       PRINT_B
 00F8:1873       PRINT_BACK
 00F8:1BA3       PRINT_DATE
 00F8:0A0C       PRINT_DEFAULT_DIRECTORY
 00F8:09FC       PRINT_DRIVE
 00F8:1879       PRINT_EQ
 00F8:187D       PRINT_ESC
 00F8:1881       PRINT_G
 00F8:1885       PRINT_L
 00F8:181F       PRINT_PROMPT
 00F8:14A4       PRINT_TIME
 00F8:122B       PRINT_VERSION
 0000:075B       PROMPT
 00F8:29DE       PROMPT_TABLE
 00F8:289A       PROMPT_TEXT
 00F8:0A05       PWD
 00F8:2DAC       PWDBUF
 00F8:1353       P_DATE
 0000:0826       RBADNAM
 00F8:2CC4       RCH_ADDR
 00F8:2CC9       RDEOF
 0000:0ABB       RDIRCHAR
 00F8:25F0       RENERR
 0000:0702       REQUEST
 00F8:2CBA       RESSEG
 0000:087A       RESTDIR
 0000:03AC       RESTHAND
 00F8:11C6       RESTUDIR
 00F8:11B8       RESTUDIR1
 0000:0875       RETCODE
 0000:092F       RE_INSTR
 0000:0958       RE_OUTSTR
 0000:0957       RE_OUT_APP
 0000:05B9       RPRINT
 0000:0180       RSTACK
 0000:0ABA       RSWITCHAR
 0000:0833       SAVE_PDB
 0000:038A       SAVHAND
 00F8:1301       SAVUDIR
 00F8:1304       SAVUDIR1
 00F8:2EC1       SCANBUF
 00F8:1804       SCANOFF
 00F8:0978       SCAN_DOUBLE_NULL
 00F8:0991       SCASB2
 00F8:2DEF       SDIRBUF
 00F8:204E       SEARCH
 00F8:2042       SEARCHNEXT
 00F8:2323       SETASC
 00F8:188E       SETPATH
 00F8:06FE       SETREST
 00F8:06FC       SETREST1
 0000:045E       SETVECT
 00F8:0D95       SHIFT
 0000:087C       SINGLECOM
 00F8:2F29       SKPDEL
 00F8:2F2A       SOURCE
 00F8:2CD6       SPECDRV
 00F8:2E6A       SRCBUF
 00F8:2EBE       SRCHAND
 00F8:2E69       SRCINFO
 00F8:2EC0       SRCISDEV
 00F8:2E65       SRCISDIR
 00F8:2F15       SRCPT
 00F8:2E66       SRCSIZ
 00F8:2E67       SRCTAIL
 00F8:2E65       SRCVARS
 00F8:2FD5       STACK
 00F8:2F25       STARTEL
 00F8:09A9       STORE_CHAR
 00F8:0F20       STRCOMP
 0000:0872       SUM
 00F8:27A7       SUREMES
 00F8:041A       SWITCH
 00F8:2CBE       SWITCHAR
 00F8:044B       SWLIST
 00F8:28E3       SYNTMES
 00F8:0104       TCOMMAND
 00F8:2F1C       TERMREAD
 00F8:0EBE       TESTDOREIN
 00F8:0EE2       TESTDOREOUT
 0000:0355       THEADFIX
 0000:07A8       TOOBIG
 00F8:2CBC       TPA
 00F8:2B1F       TRANDATAEND
 0000:086A       TRANS
 00F8:2FD5       TRANSPACEEND
 0000:0AB4       TRANVARS
 0000:034C       TREMCHECK
 0000:086C       TRNSEG
 00F8:1164       TYPEFIL
 00F8:2B20       UCOMBUF
 0000:0881       UFORDRV
 00F8:0999       UPCONV
 00F8:2C26       USERDIR1
 00F8:1B14       VERIFY
 00F8:296C       VERIMES
 00F8:27D5       VERMES_POST
 00F8:27C6       VERMES_PRE
 00F8:1222       VERSION
 0000:087E       VERVAL
 00F8:27D6       VOLMES
 00F8:11D3       VOLUME
 00F8:272C       WEEKTAB
 00F8:2F1B       WRITTEN
 00F8:1A03       ZPRINT

  Address         Publics by Value

 0000:0180       RSTACK
 0000:01A7       EXT_EXEC
 0000:01BD       CONTC
 0000:01D1       CONTCTERM
 0000:025A       INT_2E
 0000:028B       LODCOM
 0000:02D0       LODCOM1
 0000:034C       TREMCHECK
 0000:0355       THEADFIX
 0000:038A       SAVHAND
 0000:03A6       GETCOMDSK2
 0000:03AC       RESTHAND
 0000:03F8       LOADCOM
 0000:0447       CHKSUM
 0000:045E       SETVECT
 0000:0477       ASKEND
 0000:04A8       DSKERR
 0000:05B9       RPRINT
 0000:05F0       MESBAS
 0000:060A       MESADD
 0000:069C       MREAD
 0000:06A0       MWRITE
 0000:06A4       ERRMES
 0000:06A7       IOTYP
 0000:06AE       DRVNUM
 0000:06B5       DRVLET
 0000:06B6       NEWLIN
 0000:06B8       DEVEMES
 0000:06C0       DEVENAM
 0000:0702       REQUEST
 0000:0718       CDEVAT
 0000:0719       BADFAT
 0000:0729       COMBAD
 0000:0736       NEEDCOM
 0000:0746       DRVMSG
 0000:074C       COMLET
 0000:074E       DEFMSG
 0000:075B       PROMPT
 0000:077A       ENDBATMES
 0000:0791       EXECEMES
 0000:079E       EXEBAD
 0000:07A8       TOOBIG
 0000:07C5       NOCOM
 0000:07E8       NOHANDMES
 0000:07F8       BMEMMES
 0000:07FE       HALTMES
 0000:0814       FRETMES
 0000:0826       RBADNAM
 0000:082F       INT_2E_RET
 0000:0833       SAVE_PDB
 0000:0835       PARENT
 0000:0837       ERRCD_24
 0000:0839       HANDLE01
 0000:083B       LOADING
 0000:083C       BATCH
 0000:083E       BATLOC
 0000:0842       COMSPEC
 0000:086A       TRANS
 0000:086C       TRNSEG
 0000:086E       COMDRV
 0000:086F       BATBYT
 0000:0870       MEMSIZ
 0000:0872       SUM
 0000:0874       EXTCOM
 0000:0875       RETCODE
 0000:0877       ECHOFLAG
 0000:0878       IO_SAVE
 0000:087A       RESTDIR
 0000:087B       PERMCOM
 0000:087C       SINGLECOM
 0000:087E       VERVAL
 0000:0880       FORFLAG
 0000:0881       UFORDRV
 0000:0882       FORSET
 0000:08AA       FORCOM
 0000:0904       FORVAR
 0000:0905       FORPTR
 0000:0907       FORUFCB
 0000:0908       FORFCB
 0000:092F       RE_INSTR
 0000:0957       RE_OUT_APP
 0000:0958       RE_OUTSTR
 0000:0980       PIPEFLAG
 0000:0981       PIPEFILES
 0000:0982       PIPEPTR
 0000:0984       PIPESTR
 0000:0A05       PIPE1
 0000:0A13       PIPE2
 0000:0A21       INPIPEPTR
 0000:0A23       OUTPIPEPTR
 0000:0A25       EXEC_BLOCK
 0000:0A25       ENVIRSEG
 0000:0A27       COM_PTR
 0000:0A2B       COM_FCB1
 0000:0A2F       COM_FCB2
 0000:0A33       PARMBUF
 0000:0AB4       TRANVARS
 0000:0AB6       MYSEG
 0000:0AB8       LTPA
 0000:0ABA       RSWITCHAR
 0000:0ABB       RDIRCHAR
 0000:0ABE       MYSEG1
 0000:0AC2       MYSEG2
 0000:0AC4       DATARESEND
 0000:0AE0       PATHSTRING
 0000:0AEE       ECOMSPEC
 0000:0B80       ENVIREND
 0000:0B80       CONPROC
 0000:0F38       HEADER
 0000:0F4C       BADCOMLKMES
 00F8:0104       TCOMMAND
 00F8:012C       COMMAND
 00F8:02FE       GETKEYSTROKE
 00F8:035B       DOCOM
 00F8:035E       DOCOM1
 00F8:041A       SWITCH
 00F8:044B       SWLIST
 00F8:0450       DRVBAD
 00F8:06E8       CERROR
 00F8:06FC       SETREST1
 00F8:06FE       SETREST
 00F8:0708       CHKCNT
 00F8:0710       NOTFNDERR
 00F8:0775       PIPEERRSYN
 00F8:086E       ADD_PROMPT
 00F8:0884       ADD_NAME_TO_ENVIRONMENT
 00F8:08E2       DELETE_PATH
 00F8:0904       FIND_PATH
 00F8:0909       FIND_PROMPT
 00F8:090C       FIND_NAME_IN_ENVIRONMENT
 00F8:0959       MOVE_NAME
 00F8:0978       SCAN_DOUBLE_NULL
 00F8:0991       SCASB2
 00F8:0999       UPCONV
 00F8:09A9       STORE_CHAR
 00F8:09FC       PRINT_DRIVE
 00F8:0A05       PWD
 00F8:0A0C       PRINT_DEFAULT_DIRECTORY
 00F8:0A42       $EXIT
 00F8:0A5D       CTTY
 00F8:0ACE       FORPROC
 00F8:0BA6       $FOR
 00F8:0C8F       $IF
 00F8:0CD9       IFNOT
 00F8:0D29       IFEXISTS
 00F8:0D67       IFERLEV
 00F8:0D95       SHIFT
 00F8:0DD6       GOTO
 00F8:0E63       BATCLOSE
 00F8:0E6D       BATOPEN
 00F8:0E99       MESTRAN
 00F8:0EA1       IOSET
 00F8:0EBE       TESTDOREIN
 00F8:0EE2       TESTDOREOUT
 00F8:0F20       STRCOMP
 00F8:0F2B       CATALOG
 00F8:10DE       ONESPC
 00F8:10E3       CRLF2
 00F8:10F0       PAUSE
 00F8:10FD       ERASE
 00F8:111C       BADCDERR
 00F8:1125       CRENAME
 00F8:1164       TYPEFIL
 00F8:11B8       RESTUDIR1
 00F8:11C6       RESTUDIR
 00F8:11D3       VOLUME
 00F8:1222       VERSION
 00F8:122B       PRINT_VERSION
 00F8:1276       CLS
 00F8:1288       $CHDIR
 00F8:12BB       $MKDIR
 00F8:12F0       $RMDIR
 00F8:1301       SAVUDIR
 00F8:1304       SAVUDIR1
 00F8:1327       DATINIT
 00F8:1353       P_DATE
 00F8:13B7       DATE
 00F8:1491       CTIME
 00F8:14A4       PRINT_TIME
 00F8:159A       FREE_TPA
 00F8:15A5       ALLOC_TPA
 00F8:15CD       PRESCAN
 00F8:16AC       PATHCHRCMP
 00F8:16BA       PATHCRUNCH
 00F8:1741       DISPSIZE
 00F8:1749       DISP32BITS
 00F8:1786       OUTBYTE
 00F8:17B4       GETBATBYT
 00F8:1804       SCANOFF
 00F8:180C       DELIM
 00F8:181F       PRINT_PROMPT
 00F8:1873       PRINT_BACK
 00F8:1879       PRINT_EQ
 00F8:187D       PRINT_ESC
 00F8:1881       PRINT_G
 00F8:1885       PRINT_L
 00F8:1889       PRINT_B
 00F8:188E       SETPATH
 00F8:191A       PATH
 00F8:1974       FCB_TO_ASCZ
 00F8:199A       GETNUM
 00F8:19BA       OUT2
 00F8:19CB       OUT
 00F8:19F0       ERROR_PRINT
 00F8:19F9       CRPRINT
 00F8:19FE       PRINT
 00F8:1A03       ZPRINT
 00F8:1A2A       ERROR_OUTPUT
 00F8:1A47       NOTEST2
 00F8:1A98       ECHO
 00F8:1AE2       CNTRLC
 00F8:1B14       VERIFY
 00F8:1B60       PRINTVOL
 00F8:1BA3       PRINT_DATE
 00F8:1BCA       GETDATE
 00F8:1C47       COPY
 00F8:1DCE       ENDCOPY
 00F8:1F0A       BUILDPATH
 00F8:1FF4       COMPNAME
 00F8:2042       SEARCHNEXT
 00F8:204E       SEARCH
 00F8:205F       DOCOPY
 00F8:2124       CLOSEDEST
 00F8:21EF       FLSHFIL
 00F8:22E9       COPERR
 00F8:2323       SETASC
 00F8:23F0       BUILDNAME
 00F8:241F       CPARSE
 00F8:2580       BADBAT
 00F8:2597       NEEDBAT
 00F8:25D5       BADNAM
 00F8:25F0       RENERR
 00F8:2607       NOTFND
 00F8:2618       NOSPACE
 00F8:2632       ENVERR
 00F8:264D       FULDIR
 00F8:2663       OVERWR
 00F8:2687       LOSTERR
 00F8:26B1       COPIED_POST
 00F8:26C2       COPIED_PRE
 00F8:26C3       DIRMES_POST
 00F8:26CC       DIRMES_PRE
 00F8:26CD       BYTMES_POST
 00F8:26DA       BYTMES_PRE
 00F8:26DB       BADDRV
 00F8:26F9       PAUSEMES
 00F8:2718       BADSWT
 00F8:272C       WEEKTAB
 00F8:2741       BADDAT
 00F8:2750       CURDAT_PRE
 00F8:2760       CURDAT_POST
 00F8:2760       CURDAT_MID
 00F8:2761       NEWDAT
 00F8:2774       BADTIM
 00F8:2783       CURTIM_PRE
 00F8:2793       CURTIM_POST
 00F8:2794       NEWTIM
 00F8:27A7       SUREMES
 00F8:27BC       DMES
 00F8:27C6       VERMES_PRE
 00F8:27D5       VERMES_POST
 00F8:27D6       VOLMES
 00F8:27E8       GOTVOL
 00F8:27ED       NOVOL
 00F8:27FB       BADCD
 00F8:280F       BADMKD
 00F8:282C       BADRMD
 00F8:2863       BAD_ON_OFF
 00F8:2879       DIRHEAD_POST
 00F8:287C       DIRHEAD_PRE
 00F8:288C       NULPATH
 00F8:2895       PATH_TEXT
 00F8:289A       PROMPT_TEXT
 00F8:28A1       BADPMES
 00F8:28C0       BADDEV
 00F8:28D1       BADLAB
 00F8:28E3       SYNTMES
 00F8:28F2       FORNESTMES
 00F8:290A       PIPEEMES
 00F8:2930       INBDEV
 00F8:2957       OFFMES
 00F8:295D       ONMES
 00F8:2962       CTRLCMES
 00F8:296C       VERIMES
 00F8:2977       ECHOMES
 00F8:2980       BADCPMES
 00F8:299C       BADARGS
 00F8:29BB       DEVWMES
 00F8:29D2       ACRLF
 00F8:29D5       DBACK
 00F8:29D9       CLSSTRING
 00F8:29DE       PROMPT_TABLE
 00F8:2A06       IFTAB
 00F8:2A22       COMTAB
 00F8:2B1F       TRANDATAEND
 00F8:2B20       UCOMBUF
 00F8:2BA3       COMBUF
 00F8:2C26       USERDIR1
 00F8:2C69       EXECPATH
 00F8:2CB8       HEADCALL
 00F8:2CBA       RESSEG
 00F8:2CBC       TPA
 00F8:2CBE       SWITCHAR
 00F8:2CBF       DIRCHAR
 00F8:2CC0       EXEC_ADDR
 00F8:2CC4       RCH_ADDR
 00F8:2CC8       CHKDRV
 00F8:2CC9       IFNOTFLAG
 00F8:2CC9       FILTYP
 00F8:2CC9       RDEOF
 00F8:2CCA       CURDRV
 00F8:2CCB       PARM1
 00F8:2CCB       CONCAT
 00F8:2CCC       PARM2
 00F8:2CCC       ARGC
 00F8:2CCD       COMSW
 00F8:2CCF       ARG1S
 00F8:2CD1       DESTSWITCH
 00F8:2CD1       ARG2S
 00F8:2CD3       ALLSWITCH
 00F8:2CD3       ARGTS
 00F8:2CD5       CFLAG
 00F8:2CD6       DESTCLOSED
 00F8:2CD6       SPECDRV
 00F8:2CD7       BYTCNT
 00F8:2CD9       NXTADD
 00F8:2CDB       FRSTSRCH
 00F8:2CDC       LINCNT
 00F8:2CDD       LINLEN
 00F8:2CDE       FILECNT
 00F8:2CE0       CHARBUF
 00F8:2D30       DESTFCB2
 00F8:2D30       IDLEN
 00F8:2D31       ID
 00F8:2D39       COM
 00F8:2D3C       DEST
 00F8:2D61       DESTNAME
 00F8:2D6C       DESTFCB
 00F8:2D6C       DESTDIR
 00F8:2DAC       PWDBUF
 00F8:2DAC       DIRBUF
 00F8:2DAC       GOTOLEN
 00F8:2DAC       EXEFCB
 00F8:2DEF       SDIRBUF
 00F8:2DFB       BITS
 00F8:2DFD       PATHCNT
 00F8:2DFF       PATHPOS
 00F8:2E01       PATHSW
 00F8:2E03       FULLSCR
 00F8:2E05       DESTVARS
 00F8:2E05       DESTISDIR
 00F8:2E06       DESTSIZ
 00F8:2E07       DESTTAIL
 00F8:2E09       DESTINFO
 00F8:2E0A       DESTBUF
 00F8:2E5E       DESTHAND
 00F8:2E60       DESTISDEV
 00F8:2E61       FIRSTDEST
 00F8:2E62       MELCOPY
 00F8:2E63       MELSTART
 00F8:2E65       SRCVARS
 00F8:2E65       SRCISDIR
 00F8:2E66       SRCSIZ
 00F8:2E67       SRCTAIL
 00F8:2E69       SRCINFO
 00F8:2E6A       SRCBUF
 00F8:2EBE       SRCHAND
 00F8:2EC0       SRCISDEV
 00F8:2EC1       SCANBUF
 00F8:2F15       SRCPT
 00F8:2F17       INEXACT
 00F8:2F18       APPEND
 00F8:2F19       NOWRITE
 00F8:2F1A       BINARY
 00F8:2F1B       WRITTEN
 00F8:2F1C       TERMREAD
 00F8:2F1D       ASCII
 00F8:2F1E       PLUS
 00F8:2F1F       CPDATE
 00F8:2F21       CPTIME
 00F8:2F23       BATHAND
 00F8:2F25       STARTEL
 00F8:2F27       ELCNT
 00F8:2F28       ELPOS
 00F8:2F29       SKPDEL
 00F8:2F2A       SOURCE
 00F8:2F35       INTERNATVARS
 00F8:2FD5       STACK
 00F8:2FD5       TRANSPACEEND

Program entry point at 0000:0100
